../Core/Src/main.c:177:5:main	8	static
../Core/Src/main.c:282:6:SystemClock_Config	88	static
../Core/Src/main.c:329:13:MX_ADC1_Init	24	static
../Core/Src/main.c:444:13:MX_I2C1_Init	8	static
../Core/Src/main.c:478:13:MX_TIM3_Init	48	static
../Core/Src/main.c:527:13:MX_TIM4_Init	48	static
../Core/Src/main.c:576:13:MX_TIM11_Init	40	static
../Core/Src/main.c:620:13:MX_DMA_Init	16	static
../Core/Src/main.c:638:13:MX_GPIO_Init	40	static
../Core/Src/main.c:673:6:SetMotorA	16	static
../Core/Src/main.c:694:6:SetMotorB	16	static
../Core/Src/main.c:715:6:EnableMotors	8	static
../Core/Src/main.c:719:6:DisableMotors	8	static
../Core/Src/main.c:723:9:IsPressed	16	static
../Core/Src/main.c:737:10:calculate_position	32	static
../Core/Src/main.c:789:6:calibrateQTR	48	static
../Core/Src/main.c:863:10:CalculateLinePosition	24	static
../Core/Src/main.c:888:6:DrawGraphScreen	64	static
../Core/Src/main.c:936:6:Run_PID	40	static
../Core/Src/main.c:975:6:Error_Handler	4	static,ignoring_inline_asm
