main.c:175:5:main	2
main.c:256:6:SystemClock_Config	3
main.c:303:13:MX_ADC1_Init	10
main.c:418:13:MX_I2C1_Init	2
main.c:452:13:MX_TIM3_Init	4
main.c:501:13:MX_TIM4_Init	4
main.c:550:13:MX_TIM11_Init	4
main.c:594:13:MX_DMA_Init	1
main.c:612:13:MX_GPIO_Init	1
main.c:647:6:SetMotorA	4
main.c:668:6:SetMotorB	4
main.c:689:6:EnableMotors	1
main.c:693:6:DisableMotors	1
main.c:697:9:IsPressed	4
main.c:709:10:CalculateLinePosition	3
main.c:734:6:DrawGraphScreen	3
main.c:780:6:Run_PID	5
main.c:819:6:Error_Handler	1
