../Core/Src/main.c:175:5:main	8	static
../Core/Src/main.c:256:6:SystemClock_Config	88	static
../Core/Src/main.c:303:13:MX_ADC1_Init	24	static
../Core/Src/main.c:418:13:MX_I2C1_Init	8	static
../Core/Src/main.c:452:13:MX_TIM3_Init	48	static
../Core/Src/main.c:501:13:MX_TIM4_Init	48	static
../Core/Src/main.c:550:13:MX_TIM11_Init	40	static
../Core/Src/main.c:594:13:MX_DMA_Init	16	static
../Core/Src/main.c:612:13:MX_GPIO_Init	40	static
../Core/Src/main.c:647:6:SetMotorA	16	static
../Core/Src/main.c:668:6:SetMotorB	16	static
../Core/Src/main.c:689:6:EnableMotors	8	static
../Core/Src/main.c:693:6:DisableMotors	8	static
../Core/Src/main.c:697:9:IsPressed	16	static
../Core/Src/main.c:709:10:CalculateLinePosition	24	static
../Core/Src/main.c:734:6:DrawGraphScreen	64	static
../Core/Src/main.c:780:6:Run_PID	40	static
../Core/Src/main.c:819:6:Error_Handler	4	static,ignoring_inline_asm
