../Core/Src/main.c:177:5:main	13
../Core/Src/main.c:282:6:SystemClock_Config	3
../Core/Src/main.c:329:13:MX_ADC1_Init	10
../Core/Src/main.c:444:13:MX_I2C1_Init	2
../Core/Src/main.c:478:13:MX_TIM3_Init	4
../Core/Src/main.c:527:13:MX_TIM4_Init	4
../Core/Src/main.c:576:13:MX_TIM11_Init	4
../Core/Src/main.c:620:13:MX_DMA_Init	1
../Core/Src/main.c:638:13:MX_GPIO_Init	1
../Core/Src/main.c:673:6:SetMotorA	4
../Core/Src/main.c:694:6:SetMotorB	4
../Core/Src/main.c:715:6:EnableMotors	1
../Core/Src/main.c:719:6:DisableMotors	1
../Core/Src/main.c:723:9:IsPressed	4
../Core/Src/main.c:737:10:calculate_position	6
../Core/Src/main.c:789:6:calibrateQTR	12
../Core/Src/main.c:863:10:CalculateLinePosition	3
../Core/Src/main.c:888:6:DrawGraphScreen	3
../Core/Src/main.c:936:6:Run_PID	5
../Core/Src/main.c:975:6:Error_Handler	1
