2026-02-06 16:30:44,546 [INFO] Activator:176 - 


2026-02-06 16:30:44,549 [INFO] Activator:177 - !SESSION log4j initialized
2026-02-06 16:30:44,746 [ERROR] LogOutputStream:75 - [STDERR_REDIRECT] SWT Webkit: Warning, You are using an old version of webkitgtk. (pre 2.4) BrowserFunction functionality will not be available
2026-02-06 16:30:44,747 [ERROR] LogOutputStream:75 - [STDERR_REDIRECT] SWT WebKit: error initializing DBus server, dBusServer == 0
2026-02-06 16:30:47,407 [INFO] LogOutputStream:77 - [STDOUT_REDIRECT] 
2026-02-06 16:31:08,560 [ERROR] LogOutputStream:75 - [STDERR_REDIRECT] SLF4J: Failed to load class "org.slf4j.impl.StaticLoggerBinder".
2026-02-06 16:31:08,562 [ERROR] LogOutputStream:75 - [STDERR_REDIRECT] SLF4J: Defaulting to no-operation (NOP) logger implementation
2026-02-06 16:31:08,563 [ERROR] LogOutputStream:75 - [STDERR_REDIRECT] SLF4J: See http://www.slf4j.org/codes.html#StaticLoggerBinder for further details.
2026-02-06 16:43:18,680 [INFO] Activator:176 - 


2026-02-06 16:43:18,682 [INFO] Activator:177 - !SESSION log4j initialized
2026-02-06 16:43:22,136 [INFO] LogOutputStream:77 - [STDOUT_REDIRECT] 
2026-02-06 16:43:43,672 [ERROR] LogOutputStream:75 - [STDERR_REDIRECT] SLF4J: Failed to load class "org.slf4j.impl.StaticLoggerBinder".
2026-02-06 16:43:43,673 [ERROR] LogOutputStream:75 - [STDERR_REDIRECT] SLF4J: Defaulting to no-operation (NOP) logger implementation
2026-02-06 16:43:43,674 [ERROR] LogOutputStream:75 - [STDERR_REDIRECT] SLF4J: See http://www.slf4j.org/codes.html#StaticLoggerBinder for further details.
2026-02-06 16:44:13,377 [INFO] ApplicationProperties:184 - Using Application install path: /app/stm32cubeide/plugins/com.st.stm32cube.common.mx_6.8.0.202302231600
2026-02-06 16:44:13,439 [INFO] DbMcusXml:78 - Set database path to: /app/stm32cubeide/plugins/com.st.stm32cube.common.mx_6.8.0.202302231600//db//mcu/
2026-02-06 16:44:13,440 [INFO] ApiDb:274 - Set plugin database path to: /app/stm32cubeide/plugins/com.st.stm32cube.common.mx_6.8.0.202302231600//db//plugins/boardmanager/
2026-02-06 16:44:13,485 [WARN] ApiDb:259 - Overriding images path with different value:  => /app/stm32cubeide/plugins/com.st.stm32cube.common.mx_6.8.0.202302231600//db//plugins/mcufinder/images/
2026-02-06 16:44:13,512 [INFO] ApiDb:250 - Set database path to: /home/sensei/.stmcufinder/plugins/mcufinder//mcu/
2026-02-06 16:44:13,514 [INFO] DbMcusAds:125 - Set database path to: /home/sensei/.stmcufinder/plugins/mcufinder//mcu/
2026-02-06 16:44:13,682 [INFO] CrossReferenceDbSqlite:203 - Set database path to: /home/sensei/.stmcufinder/plugins/mcufinder//mcu/cs/
2026-02-06 16:44:13,881 [INFO] RulesReader:64 - Compatibility file has been processed (293 Rules)
2026-02-06 16:44:14,020 [INFO] DbMcusXml:78 - Set database path to: /app/stm32cubeide/plugins/com.st.stm32cube.common.mx_6.8.0.202302231600//db//mcu/
2026-02-06 16:44:14,021 [INFO] ApiDb:274 - Set plugin database path to: /app/stm32cubeide/plugins/com.st.stm32cube.common.mx_6.8.0.202302231600//db//plugins/boardmanager/
2026-02-06 16:44:14,021 [INFO] ApiDb:261 - Set plugin images path to: /app/stm32cubeide/plugins/com.st.stm32cube.common.mx_6.8.0.202302231600//db//plugins/mcufinder/images/
2026-02-06 16:44:14,022 [WARN] DbFile:41 - Overriding database path with different value: /home/sensei/.stmcufinder/plugins/mcufinder/ => /home/sensei/.stmcufinder/plugins/mcufinder
2026-02-06 16:44:14,022 [INFO] ApiDb:250 - Set database path to: /home/sensei/.stmcufinder/plugins/mcufinder//mcu/
2026-02-06 16:44:14,022 [WARN] DbFile:41 - Overriding database path with different value: /home/sensei/.stmcufinder/plugins/mcufinder/ => /home/sensei/.stmcufinder/plugins/mcufinder
2026-02-06 16:44:14,022 [INFO] DbMcusAds:125 - Set database path to: /home/sensei/.stmcufinder/plugins/mcufinder//mcu/
2026-02-06 16:44:14,023 [WARN] DbFile:41 - Overriding database path with different value: /home/sensei/.stmcufinder/plugins/mcufinder/ => /home/sensei/.stmcufinder/plugins/mcufinder
2026-02-06 16:44:14,023 [WARN] DbFile:41 - Overriding database path with different value: /home/sensei/.stmcufinder/plugins/mcufinder/ => /home/sensei/.stmcufinder/plugins/mcufinder
2026-02-06 16:44:14,023 [INFO] CrossReferenceDbSqlite:203 - Set database path to: /home/sensei/.stmcufinder/plugins/mcufinder//mcu/cs/
2026-02-06 16:44:14,176 [INFO] MainPanel:253 - HeapMemory: 311427072
2026-02-06 16:44:14,299 [INFO] DbMcusXml:78 - Set database path to: /app/stm32cubeide/plugins/com.st.stm32cube.common.mx_6.8.0.202302231600//db//mcu/
2026-02-06 16:44:14,300 [INFO] ApiDb:274 - Set plugin database path to: /app/stm32cubeide/plugins/com.st.stm32cube.common.mx_6.8.0.202302231600//db//plugins/boardmanager/
2026-02-06 16:44:14,300 [INFO] ApiDb:261 - Set plugin images path to: /app/stm32cubeide/plugins/com.st.stm32cube.common.mx_6.8.0.202302231600//db//plugins/mcufinder/images/
2026-02-06 16:44:14,300 [WARN] DbFile:41 - Overriding database path with different value: /home/sensei/.stmcufinder/plugins/mcufinder/ => /home/sensei/.stmcufinder/plugins/mcufinder
2026-02-06 16:44:14,300 [INFO] ApiDb:250 - Set database path to: /home/sensei/.stmcufinder/plugins/mcufinder//mcu/
2026-02-06 16:44:14,301 [WARN] DbFile:41 - Overriding database path with different value: /home/sensei/.stmcufinder/plugins/mcufinder/ => /home/sensei/.stmcufinder/plugins/mcufinder
2026-02-06 16:44:14,301 [INFO] DbMcusAds:125 - Set database path to: /home/sensei/.stmcufinder/plugins/mcufinder//mcu/
2026-02-06 16:44:14,301 [WARN] DbFile:41 - Overriding database path with different value: /home/sensei/.stmcufinder/plugins/mcufinder/ => /home/sensei/.stmcufinder/plugins/mcufinder
2026-02-06 16:44:14,301 [WARN] DbFile:41 - Overriding database path with different value: /home/sensei/.stmcufinder/plugins/mcufinder/ => /home/sensei/.stmcufinder/plugins/mcufinder
2026-02-06 16:44:14,301 [INFO] CrossReferenceDbSqlite:203 - Set database path to: /home/sensei/.stmcufinder/plugins/mcufinder//mcu/cs/
2026-02-06 16:44:14,345 [INFO] ApplicationProperties:184 - Using Application install path: /app/stm32cubeide/plugins/com.st.stm32cube.common.mx_6.8.0.202302231600
2026-02-06 16:44:14,348 [INFO] PluginManage:196 - Search for loadable plugins [exclusion list=, ]
2026-02-06 16:44:14,354 [INFO] PluginManage:310 - Check plugin analytics
2026-02-06 16:44:14,890 [INFO] AnalyticsPlugin:253 - Accepted Software Licenses: 
2026-02-06 16:44:14,891 [INFO] AnalyticsPlugin:255 - Accepted CMSIS Pack Licenses: 
2026-02-06 16:44:14,892 [INFO] AnalyticsPlugin:257 - Accepted Firmware Licenses: FW.F4.1.27.0
2026-02-06 16:44:14,916 [INFO] PluginManage:359 - Loaded plugin analytics (category:tool,tabindex:-1)
2026-02-06 16:44:14,917 [INFO] PluginManage:310 - Check plugin cadmodel
2026-02-06 16:44:15,032 [INFO] CADModel:105 - Init CAD model plugin
2026-02-06 16:44:15,032 [INFO] PluginManage:359 - Loaded plugin cadmodel (category:power,tabindex:5)
2026-02-06 16:44:15,032 [INFO] PluginManage:310 - Check plugin clock
2026-02-06 16:44:15,055 [INFO] PluginManage:359 - Loaded plugin clock (category:base,tabindex:2)
2026-02-06 16:44:15,055 [INFO] PluginManage:310 - Check plugin ddr
2026-02-06 16:44:15,058 [INFO] PluginManage:359 - Loaded plugin ddr (category:tool,tabindex:6)
2026-02-06 16:44:15,059 [INFO] PluginManage:310 - Check plugin filemanager
2026-02-06 16:44:15,311 [INFO] PluginManage:359 - Loaded plugin filemanager (category:base,tabindex:10)
2026-02-06 16:44:15,311 [INFO] PluginManage:310 - Check plugin ipmanager
2026-02-06 16:44:15,322 [INFO] PluginManage:359 - Loaded plugin ipmanager (category:base,tabindex:5)
2026-02-06 16:44:15,323 [INFO] PluginManage:310 - Check plugin lpbam
2026-02-06 16:44:15,339 [INFO] PluginManage:359 - Loaded plugin lpbam (category:base,tabindex:0)
2026-02-06 16:44:15,340 [INFO] PluginManage:310 - Check plugin pinoutandconfiguration
2026-02-06 16:44:15,354 [INFO] PluginManage:359 - Loaded plugin pinoutandconfiguration (category:base,tabindex:1)
2026-02-06 16:44:15,354 [INFO] PluginManage:310 - Check plugin pinoutconfig
2026-02-06 16:44:15,475 [WARN] SupportedApi:132 - Cannot load RTOS API schema: s4s-elt-must-match.1: The content of 'definitions' must match (annotation?, (simpleType | complexType)?, (unique | key | keyref)*)). A problem was found starting at: attribute.
2026-02-06 16:44:15,906 [INFO] PluginManage:359 - Loaded plugin pinoutconfig (category:base,tabindex:0)
2026-02-06 16:44:15,906 [INFO] PluginManage:310 - Check plugin power
2026-02-06 16:44:15,955 [INFO] PluginManage:359 - Loaded plugin power (category:power,tabindex:4)
2026-02-06 16:44:15,955 [INFO] PluginManage:310 - Check plugin projectmanager
2026-02-06 16:44:16,006 [INFO] PluginManage:359 - Loaded plugin projectmanager (category:projectmanager,tabindex:3)
2026-02-06 16:44:16,006 [INFO] PluginManage:310 - Check plugin thirdparty
2026-02-06 16:44:16,296 [WARN] IntegrityCheckThread:84 - waiting for thirdparty lock release [integrity check]
2026-02-06 16:44:16,298 [INFO] IntegrityCheckThread:86 - entering critical section [integrity check]
2026-02-06 16:44:16,299 [INFO] PluginManage:359 - Loaded plugin thirdparty (category:base,tabindex:-1)
2026-02-06 16:44:16,300 [INFO] PluginManage:310 - Check plugin tools
2026-02-06 16:44:16,304 [INFO] ThirdPartyUpdaterWithRetryManager:70 - Updater plugin not ready yet. [1/15]
2026-02-06 16:44:16,304 [INFO] PluginManage:359 - Loaded plugin tools (category:base,tabindex:7)
2026-02-06 16:44:16,304 [INFO] PluginManage:310 - Check plugin tutovideos
2026-02-06 16:44:16,613 [INFO] PluginManage:359 - Loaded plugin tutovideos (category:base,tabindex:-1)
2026-02-06 16:44:16,613 [INFO] PluginManage:310 - Check plugin updater
2026-02-06 16:44:16,639 [INFO] PluginManage:359 - Loaded plugin updater (category:base,tabindex:12)
2026-02-06 16:44:16,640 [INFO] PluginManage:283 - PluginManage : Loaded plugins [15]
2026-02-06 16:44:17,234 [INFO] PinOutPanel:1499 - setPackage(No Configuration,No Configuration)
2026-02-06 16:44:17,408 [INFO] CADModel:165 - CPN selected for project level
2026-02-06 16:44:17,408 [INFO] CADModel:114 - Register for checkConnection events
2026-02-06 16:44:17,447 [INFO] IPUIPlugin:80 - create IPUIPlugin
2026-02-06 16:44:17,502 [INFO] PluginManager:220 - loadIPPluginJar : add plateformsettings
2026-02-06 16:44:17,516 [INFO] IPUIPlugin:80 - create IPUIPlugin
2026-02-06 16:44:17,520 [INFO] PluginManager:220 - loadIPPluginJar : add dma3
2026-02-06 16:44:17,526 [INFO] IPUIPlugin:80 - create IPUIPlugin
2026-02-06 16:44:17,527 [INFO] PluginManager:220 - loadIPPluginJar : add spi
2026-02-06 16:44:17,531 [INFO] IPUIPlugin:80 - create IPUIPlugin
2026-02-06 16:44:17,532 [INFO] PluginManager:220 - loadIPPluginJar : add touchsensing
2026-02-06 16:44:17,536 [INFO] IPUIPlugin:80 - create IPUIPlugin
2026-02-06 16:44:17,537 [INFO] PluginManager:220 - loadIPPluginJar : add lorawan
2026-02-06 16:44:17,540 [INFO] IPUIPlugin:80 - create IPUIPlugin
2026-02-06 16:44:17,540 [INFO] PluginManager:220 - loadIPPluginJar : add i2c
2026-02-06 16:44:17,543 [INFO] IPUIPlugin:80 - create IPUIPlugin
2026-02-06 16:44:17,544 [INFO] PluginManager:220 - loadIPPluginJar : add openamp
2026-02-06 16:44:17,551 [INFO] IPUIPlugin:80 - create IPUIPlugin
2026-02-06 16:44:17,551 [INFO] PluginManager:220 - loadIPPluginJar : add dma
2026-02-06 16:44:17,553 [INFO] IPUIPlugin:80 - create IPUIPlugin
2026-02-06 16:44:17,553 [INFO] PluginManager:220 - loadIPPluginJar : add tsc
2026-02-06 16:44:17,557 [INFO] IPUIPlugin:80 - create IPUIPlugin
2026-02-06 16:44:17,558 [INFO] PluginManager:220 - loadIPPluginJar : add pdm2pcm
2026-02-06 16:44:17,568 [INFO] IPUIPlugin:80 - create IPUIPlugin
2026-02-06 16:44:17,569 [INFO] PluginManager:220 - loadIPPluginJar : add mdma
2026-02-06 16:44:17,571 [INFO] IPUIPlugin:80 - create IPUIPlugin
2026-02-06 16:44:17,572 [INFO] PluginManager:220 - loadIPPluginJar : add genericplugin
2026-02-06 16:44:17,576 [INFO] IPUIPlugin:80 - create IPUIPlugin
2026-02-06 16:44:17,578 [INFO] PluginManager:220 - loadIPPluginJar : add usbx
2026-02-06 16:44:17,581 [INFO] IPUIPlugin:80 - create IPUIPlugin
2026-02-06 16:44:17,581 [INFO] PluginManager:220 - loadIPPluginJar : add hash
2026-02-06 16:44:17,590 [INFO] IPUIPlugin:80 - create IPUIPlugin
2026-02-06 16:44:17,591 [INFO] PluginManager:220 - loadIPPluginJar : add gic
2026-02-06 16:44:17,598 [INFO] IPUIPlugin:80 - create IPUIPlugin
2026-02-06 16:44:17,598 [INFO] PluginManager:220 - loadIPPluginJar : add ipddr
2026-02-06 16:44:17,604 [INFO] IPUIPlugin:80 - create IPUIPlugin
2026-02-06 16:44:17,604 [INFO] PluginManager:220 - loadIPPluginJar : add gpio
2026-02-06 16:44:17,617 [INFO] IPUIPlugin:80 - create IPUIPlugin
2026-02-06 16:44:17,618 [INFO] PluginManager:220 - loadIPPluginJar : add adc
2026-02-06 16:44:17,621 [INFO] IPUIPlugin:80 - create IPUIPlugin
2026-02-06 16:44:17,621 [INFO] PluginManager:220 - loadIPPluginJar : add aes
2026-02-06 16:44:17,625 [INFO] IPUIPlugin:80 - create IPUIPlugin
2026-02-06 16:44:17,625 [INFO] PluginManager:220 - loadIPPluginJar : add gfxmmu
2026-02-06 16:44:17,630 [INFO] IPUIPlugin:80 - create IPUIPlugin
2026-02-06 16:44:17,631 [INFO] PluginManager:220 - loadIPPluginJar : add dfsdm
2026-02-06 16:44:17,634 [INFO] IPUIPlugin:80 - create IPUIPlugin
2026-02-06 16:44:17,635 [INFO] PluginManager:220 - loadIPPluginJar : add i3c
2026-02-06 16:44:17,637 [INFO] IPUIPlugin:80 - create IPUIPlugin
2026-02-06 16:44:17,637 [INFO] PluginManager:220 - loadIPPluginJar : add usart
2026-02-06 16:44:17,639 [INFO] IPUIPlugin:80 - create IPUIPlugin
2026-02-06 16:44:17,639 [INFO] PluginManager:220 - loadIPPluginJar : add quadspi
2026-02-06 16:44:17,641 [INFO] IPUIPlugin:80 - create IPUIPlugin
2026-02-06 16:44:17,641 [INFO] PluginManager:220 - loadIPPluginJar : add tracer_emb
2026-02-06 16:44:17,643 [INFO] IPUIPlugin:80 - create IPUIPlugin
2026-02-06 16:44:17,643 [INFO] PluginManager:220 - loadIPPluginJar : add fatfs
2026-02-06 16:44:17,645 [INFO] IPUIPlugin:80 - create IPUIPlugin
2026-02-06 16:44:17,646 [INFO] PluginManager:220 - loadIPPluginJar : add tim
2026-02-06 16:44:17,648 [INFO] IPUIPlugin:80 - create IPUIPlugin
2026-02-06 16:44:17,649 [INFO] PluginManager:220 - loadIPPluginJar : add i2s
2026-02-06 16:44:17,654 [INFO] IPUIPlugin:80 - create IPUIPlugin
2026-02-06 16:44:17,655 [INFO] PluginManager:220 - loadIPPluginJar : add fmc
2026-02-06 16:44:17,657 [INFO] IPUIPlugin:80 - create IPUIPlugin
2026-02-06 16:44:17,657 [INFO] PluginManager:220 - loadIPPluginJar : add ucpd
2026-02-06 16:44:17,663 [INFO] IPUIPlugin:80 - create IPUIPlugin
2026-02-06 16:44:17,663 [INFO] PluginManager:220 - loadIPPluginJar : add resmgrutility
2026-02-06 16:44:17,670 [INFO] IPUIPlugin:80 - create IPUIPlugin
2026-02-06 16:44:17,670 [INFO] PluginManager:220 - loadIPPluginJar : add can
2026-02-06 16:44:17,675 [INFO] IPUIPlugin:80 - create IPUIPlugin
2026-02-06 16:44:17,675 [INFO] PluginManager:220 - loadIPPluginJar : add opamp
2026-02-06 16:44:17,683 [INFO] IPUIPlugin:80 - create IPUIPlugin
2026-02-06 16:44:17,683 [INFO] PluginManager:220 - loadIPPluginJar : add freertos
2026-02-06 16:44:17,688 [INFO] IPUIPlugin:80 - create IPUIPlugin
2026-02-06 16:44:17,688 [INFO] PluginManager:220 - loadIPPluginJar : add gtzc
2026-02-06 16:44:17,692 [INFO] IPUIPlugin:80 - create IPUIPlugin
2026-02-06 16:44:17,692 [INFO] PluginManager:220 - loadIPPluginJar : add sai
2026-02-06 16:44:17,697 [INFO] IPUIPlugin:80 - create IPUIPlugin
2026-02-06 16:44:17,698 [INFO] PluginManager:220 - loadIPPluginJar : add nvic
2026-02-06 16:44:17,705 [INFO] IPUIPlugin:80 - create IPUIPlugin
2026-02-06 16:44:17,705 [INFO] PluginManager:220 - loadIPPluginJar : add comp
2026-02-06 16:44:17,711 [INFO] IPUIPlugin:80 - create IPUIPlugin
2026-02-06 16:44:17,711 [INFO] PluginManager:220 - loadIPPluginJar : add cryp
2026-02-06 16:44:17,725 [INFO] IPUIPlugin:80 - create IPUIPlugin
2026-02-06 16:44:17,725 [INFO] PluginManager:220 - loadIPPluginJar : add linkedlist
2026-02-06 16:44:17,727 [INFO] IPUIPlugin:80 - create IPUIPlugin
2026-02-06 16:44:17,728 [INFO] PluginManager:220 - loadIPPluginJar : add ltdc
2026-02-06 16:44:17,731 [INFO] IPUIPlugin:80 - create IPUIPlugin
2026-02-06 16:44:17,732 [INFO] PluginManager:220 - loadIPPluginJar : add ts
2026-02-06 16:44:17,739 [INFO] IPUIPlugin:80 - create IPUIPlugin
2026-02-06 16:44:17,739 [INFO] PluginManager:220 - loadIPPluginJar : add stm32_wpan
2026-02-06 16:44:17,880 [INFO] CADModel:165 - CPN selected for project level
2026-02-06 16:44:17,880 [INFO] CADModel:114 - Register for checkConnection events
2026-02-06 16:44:17,881 [FATAL] Updater:308 - Updater called before beeing initialized
2026-02-06 16:44:17,881 [ERROR] CADModel:125 - Updater not yet initialized, retry later 
2026-02-06 16:44:18,111 [INFO] CADModel:165 - CPN selected for project level
2026-02-06 16:44:18,111 [INFO] CADModel:114 - Register for checkConnection events
2026-02-06 16:44:18,111 [FATAL] Updater:308 - Updater called before beeing initialized
2026-02-06 16:44:18,112 [ERROR] CADModel:125 - Updater not yet initialized, retry later 
2026-02-06 16:44:18,121 [FATAL] Updater:308 - Updater called before beeing initialized
2026-02-06 16:44:18,315 [FATAL] Updater:308 - Updater called before beeing initialized
2026-02-06 16:44:18,327 [INFO] DbMcusAds:53 - JSON generation date=Thu Jan 08 16:57:51 CET 2026 (1767887871456)
2026-02-06 16:44:18,327 [FATAL] Updater:308 - Updater called before beeing initialized
2026-02-06 16:44:18,377 [WARN] DetailPanel:346 - Failed to get advertising image, set to default
2026-02-06 16:44:18,554 [FATAL] Updater:308 - Updater called before beeing initialized
2026-02-06 16:44:18,557 [FATAL] Updater:308 - Updater called before beeing initialized
2026-02-06 16:44:18,557 [FATAL] Updater:308 - Updater called before beeing initialized
2026-02-06 16:44:18,557 [WARN] DetailPanel:346 - Failed to get advertising image, set to default
2026-02-06 16:44:18,559 [FATAL] Updater:308 - Updater called before beeing initialized
2026-02-06 16:44:18,614 [ERROR] Updater:1120 - MainUpdater not yet initialized. External WinMGr cannot be set.
2026-02-06 16:44:18,617 [INFO] Updater:1056 - Updater Version found : 6.8.0
2026-02-06 16:44:18,639 [INFO] ApplicationProperties:184 - Using Application install path: /app/stm32cubeide/plugins/com.st.stm32cube.common.mx_6.8.0.202302231600
2026-02-06 16:44:18,677 [INFO] MainUpdater:519 - Copy updater definitions from MX database
2026-02-06 16:44:19,069 [INFO] MainUpdater:2854 - connection check result : 10
2026-02-06 16:44:19,070 [INFO] MainUpdater:3548 - Updater definition file requires update
2026-02-06 16:44:19,073 [INFO] MainUpdater:283 - Updater Check For Update Now.
2026-02-06 16:44:19,082 [INFO] MicroXplorer:498 - Change Database Version : DB.6.0.80
2026-02-06 16:44:19,266 [INFO] ServerAccessManage:473 - Download File updaters.zip
2026-02-06 16:44:19,305 [WARN] MainUpdater:1187 - Updater busy. Cannot search thirdparties
2026-02-06 16:44:19,305 [INFO] ThirdPartyUpdaterWithRetryManager:96 - Updater plugin is busy. [1/15]
2026-02-06 16:44:19,844 [INFO] FileExtend:240 - Unzip File : updaters.zip
2026-02-06 16:44:19,845 [INFO] FileExtend:255 - Standard Zip Deflate
2026-02-06 16:44:20,300 [INFO] ServerAccessManage:473 - Download File PacksControlFlags.xml
2026-02-06 16:44:20,512 [INFO] ServerAccessManage:473 - Download File cubemx.pidx
2026-02-06 16:44:20,835 [INFO] LoadServerUpdatesThread:373 - End of LoadServerUpdate Thread
2026-02-06 16:44:21,225 [INFO] CheckServerUpdateThread:120 - End of CheckServer Thread
2026-02-06 16:44:21,365 [INFO] MainUpdater:2854 - connection check result : 10
2026-02-06 16:44:21,374 [INFO] McuFinderGlobals:66 - Set McuFinderConnectedMode to true
2026-02-06 16:44:21,924 [INFO] ServerAccessManage:473 - Download File mcusAds.json._tmp_
2026-02-06 16:44:22,031 [INFO] LoadUrlFilesThread:156 - End of LoadUrlFiles Thread
2026-02-06 16:44:22,305 [WARN] MainUpdater:1187 - Updater busy. Cannot search thirdparties
2026-02-06 16:44:22,306 [INFO] ThirdPartyUpdaterWithRetryManager:96 - Updater plugin is busy. [2/15]
2026-02-06 16:44:22,357 [INFO] ServerAccessManage:473 - Download File cube-finder-db.zip
2026-02-06 16:44:25,306 [WARN] MainUpdater:1187 - Updater busy. Cannot search thirdparties
2026-02-06 16:44:25,306 [INFO] ThirdPartyUpdaterWithRetryManager:96 - Updater plugin is busy. [3/15]
2026-02-06 16:44:28,307 [WARN] MainUpdater:1187 - Updater busy. Cannot search thirdparties
2026-02-06 16:44:28,309 [INFO] ThirdPartyUpdaterWithRetryManager:96 - Updater plugin is busy. [4/15]
2026-02-06 16:44:31,309 [WARN] MainUpdater:1187 - Updater busy. Cannot search thirdparties
2026-02-06 16:44:31,309 [INFO] ThirdPartyUpdaterWithRetryManager:96 - Updater plugin is busy. [5/15]
2026-02-06 16:44:34,327 [WARN] MainUpdater:1187 - Updater busy. Cannot search thirdparties
2026-02-06 16:44:34,328 [INFO] ThirdPartyUpdaterWithRetryManager:96 - Updater plugin is busy. [6/15]
2026-02-06 16:44:37,330 [WARN] MainUpdater:1187 - Updater busy. Cannot search thirdparties
2026-02-06 16:44:37,336 [INFO] ThirdPartyUpdaterWithRetryManager:96 - Updater plugin is busy. [7/15]
2026-02-06 16:44:40,337 [WARN] MainUpdater:1187 - Updater busy. Cannot search thirdparties
2026-02-06 16:44:40,338 [INFO] ThirdPartyUpdaterWithRetryManager:96 - Updater plugin is busy. [8/15]
2026-02-06 16:44:43,340 [WARN] MainUpdater:1187 - Updater busy. Cannot search thirdparties
2026-02-06 16:44:43,343 [INFO] ThirdPartyUpdaterWithRetryManager:96 - Updater plugin is busy. [9/15]
2026-02-06 16:44:46,350 [WARN] MainUpdater:1187 - Updater busy. Cannot search thirdparties
2026-02-06 16:44:46,351 [INFO] ThirdPartyUpdaterWithRetryManager:96 - Updater plugin is busy. [10/15]
2026-02-06 16:44:49,351 [WARN] MainUpdater:1187 - Updater busy. Cannot search thirdparties
2026-02-06 16:44:49,351 [INFO] ThirdPartyUpdaterWithRetryManager:96 - Updater plugin is busy. [11/15]
2026-02-06 16:44:52,352 [WARN] MainUpdater:1187 - Updater busy. Cannot search thirdparties
2026-02-06 16:44:52,353 [INFO] ThirdPartyUpdaterWithRetryManager:96 - Updater plugin is busy. [12/15]
2026-02-06 16:44:55,357 [WARN] MainUpdater:1187 - Updater busy. Cannot search thirdparties
2026-02-06 16:44:55,357 [INFO] ThirdPartyUpdaterWithRetryManager:96 - Updater plugin is busy. [13/15]
2026-02-06 16:44:58,358 [WARN] MainUpdater:1187 - Updater busy. Cannot search thirdparties
2026-02-06 16:44:58,359 [INFO] ThirdPartyUpdaterWithRetryManager:96 - Updater plugin is busy. [14/15]
2026-02-06 16:45:01,359 [WARN] MainUpdater:1187 - Updater busy. Cannot search thirdparties
2026-02-06 16:45:01,360 [INFO] ThirdPartyUpdaterWithRetryManager:96 - Updater plugin is busy. [15/15]
2026-02-06 16:45:01,361 [ERROR] IntegrityCheckThread:130 - Cannot retrieve database content from updater: error -1
2026-02-06 16:45:01,363 [INFO] ThirdParty:978 - Integrity check success = false
2026-02-06 16:45:01,363 [INFO] IntegrityCheckThread:100 - exiting critical section [integrity check]
2026-02-06 16:45:01,363 [INFO] IntegrityCheckThread:103 - End integrity checks thread
2026-02-06 16:45:44,607 [INFO] FileExtend:240 - Unzip File : cube-finder-db.zip
2026-02-06 16:45:44,608 [INFO] FileExtend:255 - Standard Zip Deflate
2026-02-06 16:45:45,753 [INFO] LoadUrlFilesThread:156 - End of LoadUrlFiles Thread
2026-02-06 16:45:46,354 [INFO] ServerAccessManage:473 - Download File crdb.zip
2026-02-06 16:45:47,877 [INFO] FileExtend:240 - Unzip File : crdb.zip
2026-02-06 16:45:47,878 [INFO] FileExtend:255 - Standard Zip Deflate
2026-02-06 16:45:48,084 [INFO] LoadUrlFilesThread:156 - End of LoadUrlFiles Thread
2026-02-06 16:45:48,728 [INFO] ServerAccessManage:473 - Download File tutoVideoDB.zip
2026-02-06 16:45:49,002 [INFO] FileExtend:240 - Unzip File : tutoVideoDB.zip
2026-02-06 16:45:49,003 [INFO] FileExtend:255 - Standard Zip Deflate
2026-02-06 16:45:49,109 [INFO] LoadUrlFilesThread:156 - End of LoadUrlFiles Thread
2026-02-06 16:45:49,129 [WARN] DbFile:41 - Overriding database path with different value: /home/sensei/.stmcufinder/plugins/mcufinder/ => /home/sensei/.stmcufinder/plugins/mcufinder
2026-02-06 16:45:49,352 [INFO] ServerAccessManage:473 - Download File api_config.json
2026-02-06 16:45:49,490 [INFO] DbMcusAds:53 - JSON generation date=Thu Jan 08 16:57:51 CET 2026 (1767887871456)
2026-02-06 16:45:49,490 [INFO] LoadUrlFilesThread:156 - End of LoadUrlFiles Thread
2026-02-06 16:45:49,578 [INFO] LoadUrlFilesThread:185 - End of LoadServerUrlFiles without Thread
2026-02-06 16:45:49,578 [INFO] TargetSelectorAdapter:259 - Refresh data is successful
2026-02-06 16:45:49,802 [INFO] ApiDb:581 - Connected to CubeFinder SQLite database (/home/sensei/.stmcufinder/plugins/mcufinder/mcu/cube-finder-db.db)
2026-02-06 16:45:49,948 [INFO] ApiDb:668 - CubeFinder database Data Model version=2.1
2026-02-06 16:45:49,948 [INFO] ApiDb:669 - CubeFinder database Configuration version=3.0.39
2026-02-06 16:45:49,949 [INFO] ApiDb:670 - CubeFinder database generation date=2025-12-22 (1766407740)
2026-02-06 16:45:49,949 [INFO] ApiDb:671 - CubeFinder database FW Pack versions=[FP-ATR-ASTRA1_V2.0.0, FP-SNS-FLIGHT1_V5.1.0, FP-SNS-MOTENV1_V5.1.0, FP-SNS-MOTENVWB1_V1.4.0, FP-SNS-SMARTAG2_V1.2.0, FP-SNS-STBOX1_V2.1.0, STM32Cube_FW_C0_V1.4.0, STM32Cube_FW_F4_V1.28.3, STM32Cube_FW_F7_V1.17.4, STM32Cube_FW_G0_V1.6.2, STM32Cube_FW_G4_V1.6.1, STM32Cube_FW_H5_V1.5.1, STM32Cube_FW_H7RS_V1.3.0, STM32Cube_FW_H7_V1.12.1, STM32Cube_FW_L0_V1.12.2, STM32Cube_FW_L4_V1.18.1, STM32Cube_FW_L5_V1.6.0, STM32Cube_FW_N6_V1.3.0, STM32Cube_FW_U0_V1.3.0, STM32Cube_FW_U3_V1.2.1, STM32Cube_FW_U5_V1.8.0, STM32Cube_FW_WB0_V1.4.0, STM32Cube_FW_WBA_V1.8.0, STM32Cube_FW_WB_V1.24.0, STM32Cube_FW_WL3_V1.3.0, STM32Cube_FW_WL_V1.4.0, X-CUBE-ALGOBUILD_V1.4.0, X-CUBE-ALS_V1.0.2, X-CUBE-AZRTOS-F4_V1.1.0, X-CUBE-AZRTOS-F7_V1.1.0, X-CUBE-AZRTOS-G0_V1.1.0, X-CUBE-AZRTOS-G4_V2.0.0, X-CUBE-AZRTOS-H7RS_V1.1.0, X-CUBE-AZRTOS-H7_V3.4.0, X-CUBE-AZRTOS-L4_V2.0.0, X-CUBE-AZRTOS-L5_V2.0.0, X-CUBE-AZRTOS-WB_V2.0.0, X-CUBE-AZRTOS-WL_V2.0.0, X-CUBE-BLE1_V7.1.0, X-CUBE-BLE2_V3.3.0, X-CUBE-BLEMGR_V4.1.0, X-CUBE-EEPRMA1_V5.2.0, X-CUBE-FREERTOS_V1.3.1, X-CUBE-GNSS1_V6.0.0, X-CUBE-MEMS1_V12.0.0, X-CUBE-NFC4_V3.0.0, X-CUBE-NFC7_V2.0.0, X-CUBE-SFXS2LP1_V4.0.0, X-CUBE-ST67W61_V1.1.0, X-CUBE-SUBG2_V5.0.0, X-CUBE-TOF1_V3.4.3]
2026-02-06 16:45:54,457 [INFO] ApiDb:240 - Found 297 in-development CPN: [B-G473E-ZEST1S, B-WB1M-WPAN1, B-WL5M-SUBG1, NUCLEO-C031C6, NUCLEO-H503RB, NUCLEO-H563ZI, NUCLEO-U545RE-Q, NUCLEO-U5A5ZJ-Q, NUCLEO-WBA52CG, STEVAL-PROTEUS1, STEVAL-STWINBX1, STM320518-EVAL, STM32C0116-DK, STM32C011D6Y3TR, STM32C011D6Y6TR, STM32C011F4P3, STM32C011F4P6, STM32C011F4U3, STM32C011F4U6TR, STM32C011F6P3, STM32C011F6P6, STM32C011F6U3, STM32C011F6U6TR, STM32C011J4M3, STM32C011J4M6, STM32C011J6M3, STM32C011J6M6, STM32C0316-DK, STM32C031C4T3, STM32C031C4T6, STM32C031C4U3, STM32C031C4U6, STM32C031C6T3, STM32C031C6T6, STM32C031C6U3, STM32C031C6U6, STM32C031F4P3, STM32C031F4P6, STM32C031F6P3, STM32C031F6P6, STM32C031G4U3, STM32C031G4U6, STM32C031G6U3, STM32C031G6U6, STM32C031K4T3, STM32C031K4T6, STM32C031K4U3, STM32C031K4U6, STM32C031K6T3, STM32C031K6T6, STM32C031K6U3, STM32C031K6U6, STM32G071K8TXN, STM32G071K8UXN, STM32G081GBU6N, STM32G081KBT6N, STM32G081KBUXN, STM32G0B1CCT6N, STM32G0B1KCT6, STM32G0B1NEY6TR, STM32G0B1RCT6N, STM32G0C1CCT6, STM32G0C1CCT6N, STM32G0C1CCU6N, STM32G0C1CET6N, STM32G0C1CEU6N, STM32G0C1KCT6, STM32G0C1NEY6TR, STM32G0C1RCI6N, STM32G0C1RCT6N, STM32G0C1REI6N, STM32G0C1RET6N, STM32G0C1VCI6, STM32G0C1VEI6, STM32G471CCT6, STM32G471CCU6, STM32G471CET3, STM32G471CET6, STM32G471CEU3, STM32G471CEU6, STM32G471MCT6, STM32G471MET3, STM32G471MET6, STM32G471MEY6TR, STM32G471QCT6, STM32G471QET3, STM32G471RCT6, STM32G471RET3, STM32G471RET6, STM32G471VCH6, STM32G471VCI6, STM32G471VCT6, STM32G471VEH3, STM32G471VEH6, STM32G471VEI3, STM32G471VEI6, STM32G471VET3, STM32G471VET6, STM32G474CCT6, STM32H503CBT6, STM32H503CBU6, STM32H503EBY6TR, STM32H503KBU6, STM32H503RBT6, STM32H562AGI6, STM32H562AII6, STM32H562IGK6, STM32H562IGT6, STM32H562IIK6, STM32H562IIT6, STM32H562RGT6, STM32H562RGV6, STM32H562RIT6, STM32H562RIV6, STM32H562VGT6, STM32H562VIT6, STM32H562ZGT6, STM32H562ZIT6, STM32H563AGI6, STM32H563AII3Q, STM32H563AII6, STM32H563IGK6, STM32H563IGT6, STM32H563IIK3Q, STM32H563IIK6, STM32H563IIT3Q, STM32H563IIT6, STM32H563MIY3QTR, STM32H563RGT6, STM32H563RGV6, STM32H563RIT6, STM32H563RIV6, STM32H563VGT6, STM32H563VIT3Q, STM32H563VIT6, STM32H563ZGT6, STM32H563ZIT3Q, STM32H563ZIT6, STM32H573AII3Q, STM32H573AII6, STM32H573I-DK, STM32H573IIK3Q, STM32H573IIK6, STM32H573IIT3Q, STM32H573IIT6, STM32H573MIY3QTR, STM32H573RIT6, STM32H573RIV6, STM32H573VIT3Q, STM32H573VIT6, STM32H573ZIT3Q, STM32H573ZIT6, STM32L4R5QGI6STR, STM32MP131AAE3, STM32MP131AAF3, STM32MP131AAG3, STM32MP131CAE3, STM32MP131CAF3, STM32MP131CAG3, STM32MP131DAE7, STM32MP131DAF7, STM32MP131DAG7, STM32MP131FAE7, STM32MP131FAF7, STM32MP131FAG7, STM32MP133AAE3, STM32MP133AAF3, STM32MP133AAG3, STM32MP133CAE3, STM32MP133CAF3, STM32MP133CAG3, STM32MP133DAE7, STM32MP133DAF7, STM32MP133DAG7, STM32MP133FAE7, STM32MP133FAF7, STM32MP133FAG7, STM32MP135AAE3, STM32MP135AAF3, STM32MP135AAG3, STM32MP135CAE3, STM32MP135CAF3, STM32MP135CAG3, STM32MP135DAE7, STM32MP135DAF7, STM32MP135DAG7, STM32MP135F-DK, STM32MP135FAE7, STM32MP135FAF7, STM32MP135FAF7T, STM32MP135FAF7U, STM32MP135FAG7, STM32U535CBT6, STM32U535CBT6Q, STM32U535CBU6, STM32U535CBU6Q, STM32U535CCT6, STM32U535CCT6Q, STM32U535CCU6, STM32U535CCU6Q, STM32U535CET6, STM32U535CET6Q, STM32U535CEU6, STM32U535CEU6Q, STM32U535JEY6QTR, STM32U535NCY6QTR, STM32U535NEY6QTR, STM32U535RBI6, STM32U535RBI6Q, STM32U535RBT6, STM32U535RBT6Q, STM32U535RCI6, STM32U535RCI6Q, STM32U535RCT6, STM32U535RCT6Q, STM32U535REI6, STM32U535REI6Q, STM32U535RET6, STM32U535RET6Q, STM32U535VCI6, STM32U535VCI6Q, STM32U535VCT6, STM32U535VCT6Q, STM32U535VEI6, STM32U535VEI6Q, STM32U535VET6, STM32U535VET6Q, STM32U545CET6, STM32U545CET6Q, STM32U545CEU6, STM32U545CEU6Q, STM32U545JEY6QTR, STM32U545NEY6QTR, STM32U545REI6, STM32U545REI6Q, STM32U545RET6, STM32U545RET6Q, STM32U545VEI6, STM32U545VEI6Q, STM32U545VET6, STM32U545VET6Q, STM32U595AIH6, STM32U595AIH6Q, STM32U595AJH6, STM32U595AJH6Q, STM32U595QII6, STM32U595QII6Q, STM32U595QJI6, STM32U595QJI6Q, STM32U595RIT6, STM32U595RIT6Q, STM32U595RJT6, STM32U595RJT6Q, STM32U595VIT6, STM32U595VIT6Q, STM32U595VJT6, STM32U595VJT6Q, STM32U595ZIT6, STM32U595ZIT6Q, STM32U595ZIY6QTR, STM32U595ZJT6, STM32U595ZJT6Q, STM32U595ZJY6QTR, STM32U599BJY6QTR, STM32U599NIH6Q, STM32U599NJH6Q, STM32U599VIT6Q, STM32U599VJT6, STM32U599VJT6Q, STM32U599ZIT6Q, STM32U599ZIY6QTR, STM32U599ZJT6Q, STM32U599ZJY6QTR, STM32U5A5AJH6, STM32U5A5AJH6Q, STM32U5A5QJI6, STM32U5A5QJI6Q, STM32U5A5RJT6, STM32U5A5RJT6Q, STM32U5A5VJT6, STM32U5A5VJT6Q, STM32U5A5ZJT6, STM32U5A5ZJT6Q, STM32U5A5ZJY6QTR, STM32U5A9BJY6QTR, STM32U5A9J-DK, STM32U5A9NJH6Q, STM32U5A9VJT6Q, STM32U5A9ZJT6Q, STM32U5A9ZJY6QTR, STM32WB1MMCH6, STM32WBA52CEU6, STM32WBA52CEU6T, STM32WBA52CGU6, STM32WBA52CGU6T, STM32WL5MOCH6, STM32WL5MOCH6TR]
2026-02-06 16:45:54,465 [INFO] DbMcus:216 - Found 4794 MCUs, 4794 are supported
2026-02-06 16:45:54,470 [INFO] ApiDb:423 - Load user favorites file /home/sensei/.stm32cubeide/favorites.mcus.txt: 0 item(s)
2026-02-06 16:45:54,470 [INFO] ApiDb:427 - User favorites MCUs=[]
2026-02-06 16:45:54,471 [INFO] DbMcus:222 - Set 0 / 0 favorites MCUs
2026-02-06 16:45:55,999 [INFO] ApiDb:668 - CubeFinder database Data Model version=2.1
2026-02-06 16:45:55,999 [INFO] ApiDb:669 - CubeFinder database Configuration version=3.0.39
2026-02-06 16:45:55,999 [INFO] ApiDb:670 - CubeFinder database generation date=2025-12-22 (1766407740)
2026-02-06 16:45:55,999 [INFO] ApiDb:671 - CubeFinder database FW Pack versions=[FP-ATR-ASTRA1_V2.0.0, FP-SNS-FLIGHT1_V5.1.0, FP-SNS-MOTENV1_V5.1.0, FP-SNS-MOTENVWB1_V1.4.0, FP-SNS-SMARTAG2_V1.2.0, FP-SNS-STBOX1_V2.1.0, STM32Cube_FW_C0_V1.4.0, STM32Cube_FW_F4_V1.28.3, STM32Cube_FW_F7_V1.17.4, STM32Cube_FW_G0_V1.6.2, STM32Cube_FW_G4_V1.6.1, STM32Cube_FW_H5_V1.5.1, STM32Cube_FW_H7RS_V1.3.0, STM32Cube_FW_H7_V1.12.1, STM32Cube_FW_L0_V1.12.2, STM32Cube_FW_L4_V1.18.1, STM32Cube_FW_L5_V1.6.0, STM32Cube_FW_N6_V1.3.0, STM32Cube_FW_U0_V1.3.0, STM32Cube_FW_U3_V1.2.1, STM32Cube_FW_U5_V1.8.0, STM32Cube_FW_WB0_V1.4.0, STM32Cube_FW_WBA_V1.8.0, STM32Cube_FW_WB_V1.24.0, STM32Cube_FW_WL3_V1.3.0, STM32Cube_FW_WL_V1.4.0, X-CUBE-ALGOBUILD_V1.4.0, X-CUBE-ALS_V1.0.2, X-CUBE-AZRTOS-F4_V1.1.0, X-CUBE-AZRTOS-F7_V1.1.0, X-CUBE-AZRTOS-G0_V1.1.0, X-CUBE-AZRTOS-G4_V2.0.0, X-CUBE-AZRTOS-H7RS_V1.1.0, X-CUBE-AZRTOS-H7_V3.4.0, X-CUBE-AZRTOS-L4_V2.0.0, X-CUBE-AZRTOS-L5_V2.0.0, X-CUBE-AZRTOS-WB_V2.0.0, X-CUBE-AZRTOS-WL_V2.0.0, X-CUBE-BLE1_V7.1.0, X-CUBE-BLE2_V3.3.0, X-CUBE-BLEMGR_V4.1.0, X-CUBE-EEPRMA1_V5.2.0, X-CUBE-FREERTOS_V1.3.1, X-CUBE-GNSS1_V6.0.0, X-CUBE-MEMS1_V12.0.0, X-CUBE-NFC4_V3.0.0, X-CUBE-NFC7_V2.0.0, X-CUBE-SFXS2LP1_V4.0.0, X-CUBE-ST67W61_V1.1.0, X-CUBE-SUBG2_V5.0.0, X-CUBE-TOF1_V3.4.3]
2026-02-06 16:45:56,092 [INFO] DbBoardsSqlite:226 - include board P-NUCLEO-WB55-NUCLEO as a kit item of type 'Nucleo-64'
2026-02-06 16:45:56,092 [INFO] DbBoardsSqlite:226 - include board P-NUCLEO-WB55-USBDONGLE as a kit item of type 'Nucleo USB Dongle'
2026-02-06 16:45:56,093 [INFO] DbBoardsSqlite:226 - include board STEVAL-IDP005V1 as a kit item of type 'Evaluation Board'
2026-02-06 16:45:56,094 [INFO] DbBoardsSqlite:226 - include board STEVAL-IDP005V2 as a kit item of type 'Evaluation Board'
2026-02-06 16:45:56,190 [INFO] ApiDb:240 - Found 297 in-development CPN: [B-G473E-ZEST1S, B-WB1M-WPAN1, B-WL5M-SUBG1, NUCLEO-C031C6, NUCLEO-H503RB, NUCLEO-H563ZI, NUCLEO-U545RE-Q, NUCLEO-U5A5ZJ-Q, NUCLEO-WBA52CG, STEVAL-PROTEUS1, STEVAL-STWINBX1, STM320518-EVAL, STM32C0116-DK, STM32C011D6Y3TR, STM32C011D6Y6TR, STM32C011F4P3, STM32C011F4P6, STM32C011F4U3, STM32C011F4U6TR, STM32C011F6P3, STM32C011F6P6, STM32C011F6U3, STM32C011F6U6TR, STM32C011J4M3, STM32C011J4M6, STM32C011J6M3, STM32C011J6M6, STM32C0316-DK, STM32C031C4T3, STM32C031C4T6, STM32C031C4U3, STM32C031C4U6, STM32C031C6T3, STM32C031C6T6, STM32C031C6U3, STM32C031C6U6, STM32C031F4P3, STM32C031F4P6, STM32C031F6P3, STM32C031F6P6, STM32C031G4U3, STM32C031G4U6, STM32C031G6U3, STM32C031G6U6, STM32C031K4T3, STM32C031K4T6, STM32C031K4U3, STM32C031K4U6, STM32C031K6T3, STM32C031K6T6, STM32C031K6U3, STM32C031K6U6, STM32G071K8TXN, STM32G071K8UXN, STM32G081GBU6N, STM32G081KBT6N, STM32G081KBUXN, STM32G0B1CCT6N, STM32G0B1KCT6, STM32G0B1NEY6TR, STM32G0B1RCT6N, STM32G0C1CCT6, STM32G0C1CCT6N, STM32G0C1CCU6N, STM32G0C1CET6N, STM32G0C1CEU6N, STM32G0C1KCT6, STM32G0C1NEY6TR, STM32G0C1RCI6N, STM32G0C1RCT6N, STM32G0C1REI6N, STM32G0C1RET6N, STM32G0C1VCI6, STM32G0C1VEI6, STM32G471CCT6, STM32G471CCU6, STM32G471CET3, STM32G471CET6, STM32G471CEU3, STM32G471CEU6, STM32G471MCT6, STM32G471MET3, STM32G471MET6, STM32G471MEY6TR, STM32G471QCT6, STM32G471QET3, STM32G471RCT6, STM32G471RET3, STM32G471RET6, STM32G471VCH6, STM32G471VCI6, STM32G471VCT6, STM32G471VEH3, STM32G471VEH6, STM32G471VEI3, STM32G471VEI6, STM32G471VET3, STM32G471VET6, STM32G474CCT6, STM32H503CBT6, STM32H503CBU6, STM32H503EBY6TR, STM32H503KBU6, STM32H503RBT6, STM32H562AGI6, STM32H562AII6, STM32H562IGK6, STM32H562IGT6, STM32H562IIK6, STM32H562IIT6, STM32H562RGT6, STM32H562RGV6, STM32H562RIT6, STM32H562RIV6, STM32H562VGT6, STM32H562VIT6, STM32H562ZGT6, STM32H562ZIT6, STM32H563AGI6, STM32H563AII3Q, STM32H563AII6, STM32H563IGK6, STM32H563IGT6, STM32H563IIK3Q, STM32H563IIK6, STM32H563IIT3Q, STM32H563IIT6, STM32H563MIY3QTR, STM32H563RGT6, STM32H563RGV6, STM32H563RIT6, STM32H563RIV6, STM32H563VGT6, STM32H563VIT3Q, STM32H563VIT6, STM32H563ZGT6, STM32H563ZIT3Q, STM32H563ZIT6, STM32H573AII3Q, STM32H573AII6, STM32H573I-DK, STM32H573IIK3Q, STM32H573IIK6, STM32H573IIT3Q, STM32H573IIT6, STM32H573MIY3QTR, STM32H573RIT6, STM32H573RIV6, STM32H573VIT3Q, STM32H573VIT6, STM32H573ZIT3Q, STM32H573ZIT6, STM32L4R5QGI6STR, STM32MP131AAE3, STM32MP131AAF3, STM32MP131AAG3, STM32MP131CAE3, STM32MP131CAF3, STM32MP131CAG3, STM32MP131DAE7, STM32MP131DAF7, STM32MP131DAG7, STM32MP131FAE7, STM32MP131FAF7, STM32MP131FAG7, STM32MP133AAE3, STM32MP133AAF3, STM32MP133AAG3, STM32MP133CAE3, STM32MP133CAF3, STM32MP133CAG3, STM32MP133DAE7, STM32MP133DAF7, STM32MP133DAG7, STM32MP133FAE7, STM32MP133FAF7, STM32MP133FAG7, STM32MP135AAE3, STM32MP135AAF3, STM32MP135AAG3, STM32MP135CAE3, STM32MP135CAF3, STM32MP135CAG3, STM32MP135DAE7, STM32MP135DAF7, STM32MP135DAG7, STM32MP135F-DK, STM32MP135FAE7, STM32MP135FAF7, STM32MP135FAF7T, STM32MP135FAF7U, STM32MP135FAG7, STM32U535CBT6, STM32U535CBT6Q, STM32U535CBU6, STM32U535CBU6Q, STM32U535CCT6, STM32U535CCT6Q, STM32U535CCU6, STM32U535CCU6Q, STM32U535CET6, STM32U535CET6Q, STM32U535CEU6, STM32U535CEU6Q, STM32U535JEY6QTR, STM32U535NCY6QTR, STM32U535NEY6QTR, STM32U535RBI6, STM32U535RBI6Q, STM32U535RBT6, STM32U535RBT6Q, STM32U535RCI6, STM32U535RCI6Q, STM32U535RCT6, STM32U535RCT6Q, STM32U535REI6, STM32U535REI6Q, STM32U535RET6, STM32U535RET6Q, STM32U535VCI6, STM32U535VCI6Q, STM32U535VCT6, STM32U535VCT6Q, STM32U535VEI6, STM32U535VEI6Q, STM32U535VET6, STM32U535VET6Q, STM32U545CET6, STM32U545CET6Q, STM32U545CEU6, STM32U545CEU6Q, STM32U545JEY6QTR, STM32U545NEY6QTR, STM32U545REI6, STM32U545REI6Q, STM32U545RET6, STM32U545RET6Q, STM32U545VEI6, STM32U545VEI6Q, STM32U545VET6, STM32U545VET6Q, STM32U595AIH6, STM32U595AIH6Q, STM32U595AJH6, STM32U595AJH6Q, STM32U595QII6, STM32U595QII6Q, STM32U595QJI6, STM32U595QJI6Q, STM32U595RIT6, STM32U595RIT6Q, STM32U595RJT6, STM32U595RJT6Q, STM32U595VIT6, STM32U595VIT6Q, STM32U595VJT6, STM32U595VJT6Q, STM32U595ZIT6, STM32U595ZIT6Q, STM32U595ZIY6QTR, STM32U595ZJT6, STM32U595ZJT6Q, STM32U595ZJY6QTR, STM32U599BJY6QTR, STM32U599NIH6Q, STM32U599NJH6Q, STM32U599VIT6Q, STM32U599VJT6, STM32U599VJT6Q, STM32U599ZIT6Q, STM32U599ZIY6QTR, STM32U599ZJT6Q, STM32U599ZJY6QTR, STM32U5A5AJH6, STM32U5A5AJH6Q, STM32U5A5QJI6, STM32U5A5QJI6Q, STM32U5A5RJT6, STM32U5A5RJT6Q, STM32U5A5VJT6, STM32U5A5VJT6Q, STM32U5A5ZJT6, STM32U5A5ZJT6Q, STM32U5A5ZJY6QTR, STM32U5A9BJY6QTR, STM32U5A9J-DK, STM32U5A9NJH6Q, STM32U5A9VJT6Q, STM32U5A9ZJT6Q, STM32U5A9ZJY6QTR, STM32WB1MMCH6, STM32WBA52CEU6, STM32WBA52CEU6T, STM32WBA52CGU6, STM32WBA52CGU6T, STM32WL5MOCH6, STM32WL5MOCH6TR]
2026-02-06 16:45:56,228 [INFO] BoardInfo:880 - No configuration file found for board B-WBA5M-WPAN
2026-02-06 16:45:56,229 [INFO] DbBoards:157 - Board is not supported: B-WBA5M-WPAN
2026-02-06 16:45:56,233 [INFO] BoardInfo:880 - No configuration file found for board NUCLEO-C051C8
2026-02-06 16:45:56,233 [INFO] DbBoards:157 - Board is not supported: NUCLEO-C051C8
2026-02-06 16:45:56,234 [INFO] BoardInfo:880 - No configuration file found for board NUCLEO-C071RB
2026-02-06 16:45:56,234 [INFO] DbBoards:157 - Board is not supported: NUCLEO-C071RB
2026-02-06 16:45:56,236 [INFO] BoardInfo:880 - No configuration file found for board NUCLEO-C092RC
2026-02-06 16:45:56,236 [INFO] DbBoards:157 - Board is not supported: NUCLEO-C092RC
2026-02-06 16:45:56,282 [INFO] BoardInfo:880 - No configuration file found for board NUCLEO-H533RE
2026-02-06 16:45:56,282 [INFO] DbBoards:157 - Board is not supported: NUCLEO-H533RE
2026-02-06 16:45:56,303 [INFO] BoardInfo:880 - No configuration file found for board NUCLEO-H7S3L8
2026-02-06 16:45:56,303 [INFO] DbBoards:157 - Board is not supported: NUCLEO-H7S3L8
2026-02-06 16:45:56,329 [INFO] BoardInfo:880 - No configuration file found for board NUCLEO-N657X0-Q
2026-02-06 16:45:56,329 [INFO] DbBoards:157 - Board is not supported: NUCLEO-N657X0-Q
2026-02-06 16:45:56,331 [INFO] BoardInfo:880 - No configuration file found for board NUCLEO-U031R8
2026-02-06 16:45:56,331 [INFO] DbBoards:157 - Board is not supported: NUCLEO-U031R8
2026-02-06 16:45:56,332 [INFO] BoardInfo:880 - No configuration file found for board NUCLEO-U083RC
2026-02-06 16:45:56,332 [INFO] DbBoards:157 - Board is not supported: NUCLEO-U083RC
2026-02-06 16:45:56,334 [INFO] BoardInfo:880 - No configuration file found for board NUCLEO-U385RG-Q
2026-02-06 16:45:56,334 [INFO] DbBoards:157 - Board is not supported: NUCLEO-U385RG-Q
2026-02-06 16:45:56,338 [INFO] BoardInfo:880 - No configuration file found for board NUCLEO-WB05KZ
2026-02-06 16:45:56,339 [INFO] DbBoards:157 - Board is not supported: NUCLEO-WB05KZ
2026-02-06 16:45:56,340 [INFO] BoardInfo:880 - No configuration file found for board NUCLEO-WB07CC
2026-02-06 16:45:56,340 [INFO] DbBoards:157 - Board is not supported: NUCLEO-WB07CC
2026-02-06 16:45:56,341 [INFO] BoardInfo:880 - No configuration file found for board NUCLEO-WB09KE
2026-02-06 16:45:56,341 [INFO] DbBoards:157 - Board is not supported: NUCLEO-WB09KE
2026-02-06 16:45:56,346 [INFO] BoardInfo:880 - No configuration file found for board NUCLEO-WBA55CG
2026-02-06 16:45:56,347 [INFO] DbBoards:157 - Board is not supported: NUCLEO-WBA55CG
2026-02-06 16:45:56,348 [INFO] BoardInfo:880 - No configuration file found for board NUCLEO-WBA65RI
2026-02-06 16:45:56,349 [INFO] DbBoards:157 - Board is not supported: NUCLEO-WBA65RI
2026-02-06 16:45:56,351 [INFO] BoardInfo:880 - No configuration file found for board NUCLEO-WL33CC1
2026-02-06 16:45:56,351 [INFO] DbBoards:157 - Board is not supported: NUCLEO-WL33CC1
2026-02-06 16:45:56,387 [INFO] BoardInfo:880 - No configuration file found for board NUCLEO-WL33CC2
2026-02-06 16:45:56,387 [INFO] DbBoards:157 - Board is not supported: NUCLEO-WL33CC2
2026-02-06 16:45:56,422 [INFO] BoardInfo:880 - No configuration file found for board P-NUCLEO-WB55
2026-02-06 16:45:56,422 [INFO] DbBoards:157 - Kit is not supported: P-NUCLEO-WB55
2026-02-06 16:45:56,430 [INFO] BoardInfo:880 - No configuration file found for board STEVAL-BFA001V1B
2026-02-06 16:45:56,430 [INFO] DbBoards:157 - Kit is not supported: STEVAL-BFA001V1B
2026-02-06 16:45:56,435 [INFO] BoardInfo:880 - No configuration file found for board STEVAL-BFA001V2B
2026-02-06 16:45:56,436 [INFO] DbBoards:157 - Kit is not supported: STEVAL-BFA001V2B
2026-02-06 16:45:56,445 [INFO] BoardInfo:880 - No configuration file found for board STEVAL-MKBOXPRO
2026-02-06 16:45:56,445 [INFO] DbBoards:157 - Board is not supported: STEVAL-MKBOXPRO
2026-02-06 16:45:56,451 [INFO] BoardInfo:880 - No configuration file found for board STEVAL-SMARTAG2
2026-02-06 16:45:56,451 [INFO] DbBoards:157 - Board is not supported: STEVAL-SMARTAG2
2026-02-06 16:45:56,553 [INFO] BoardInfo:880 - No configuration file found for board STM32H7S78-DK
2026-02-06 16:45:56,553 [INFO] DbBoards:157 - Board is not supported: STM32H7S78-DK
2026-02-06 16:45:56,579 [INFO] BoardInfo:880 - No configuration file found for board STM32MP257F-DK
2026-02-06 16:45:56,579 [INFO] DbBoards:157 - Board is not supported: STM32MP257F-DK
2026-02-06 16:45:56,580 [INFO] BoardInfo:880 - No configuration file found for board STM32MP257F-EV1
2026-02-06 16:45:56,581 [INFO] DbBoards:157 - Board is not supported: STM32MP257F-EV1
2026-02-06 16:45:56,592 [INFO] BoardInfo:880 - No configuration file found for board STM32N6570-DK
2026-02-06 16:45:56,593 [INFO] DbBoards:157 - Board is not supported: STM32N6570-DK
2026-02-06 16:45:56,594 [INFO] BoardInfo:880 - No configuration file found for board STM32U083C-DK
2026-02-06 16:45:56,595 [INFO] DbBoards:157 - Board is not supported: STM32U083C-DK
2026-02-06 16:45:56,600 [INFO] BoardInfo:880 - No configuration file found for board STM32U5G9J-DK1
2026-02-06 16:45:56,600 [INFO] DbBoards:157 - Board is not supported: STM32U5G9J-DK1
2026-02-06 16:45:56,602 [INFO] BoardInfo:880 - No configuration file found for board STM32U5G9J-DK2
2026-02-06 16:45:56,602 [INFO] DbBoards:157 - Board is not supported: STM32U5G9J-DK2
2026-02-06 16:45:56,606 [INFO] BoardInfo:880 - No configuration file found for board STM32WBA55G-DK1
2026-02-06 16:45:56,606 [INFO] DbBoards:157 - Board is not supported: STM32WBA55G-DK1
2026-02-06 16:45:56,607 [INFO] BoardInfo:880 - No configuration file found for board STM32WBA65I-DK1
2026-02-06 16:45:56,608 [INFO] DbBoards:157 - Board is not supported: STM32WBA65I-DK1
2026-02-06 16:45:56,608 [INFO] DbBoards:161 - Found 211 boards, 180 are supported
2026-02-06 16:45:56,610 [INFO] ApiDb:414 - User favorites file not found: /home/sensei/.stm32cubeide/favorites.boards.txt
2026-02-06 16:45:56,611 [INFO] DbBoards:190 - Set 0 / 0 favorites Boards
2026-02-06 16:45:56,615 [INFO] ApiDb:668 - CubeFinder database Data Model version=2.1
2026-02-06 16:45:56,615 [INFO] ApiDb:669 - CubeFinder database Configuration version=3.0.39
2026-02-06 16:45:56,615 [INFO] ApiDb:670 - CubeFinder database generation date=2025-12-22 (1766407740)
2026-02-06 16:45:56,615 [INFO] ApiDb:671 - CubeFinder database FW Pack versions=[FP-ATR-ASTRA1_V2.0.0, FP-SNS-FLIGHT1_V5.1.0, FP-SNS-MOTENV1_V5.1.0, FP-SNS-MOTENVWB1_V1.4.0, FP-SNS-SMARTAG2_V1.2.0, FP-SNS-STBOX1_V2.1.0, STM32Cube_FW_C0_V1.4.0, STM32Cube_FW_F4_V1.28.3, STM32Cube_FW_F7_V1.17.4, STM32Cube_FW_G0_V1.6.2, STM32Cube_FW_G4_V1.6.1, STM32Cube_FW_H5_V1.5.1, STM32Cube_FW_H7RS_V1.3.0, STM32Cube_FW_H7_V1.12.1, STM32Cube_FW_L0_V1.12.2, STM32Cube_FW_L4_V1.18.1, STM32Cube_FW_L5_V1.6.0, STM32Cube_FW_N6_V1.3.0, STM32Cube_FW_U0_V1.3.0, STM32Cube_FW_U3_V1.2.1, STM32Cube_FW_U5_V1.8.0, STM32Cube_FW_WB0_V1.4.0, STM32Cube_FW_WBA_V1.8.0, STM32Cube_FW_WB_V1.24.0, STM32Cube_FW_WL3_V1.3.0, STM32Cube_FW_WL_V1.4.0, X-CUBE-ALGOBUILD_V1.4.0, X-CUBE-ALS_V1.0.2, X-CUBE-AZRTOS-F4_V1.1.0, X-CUBE-AZRTOS-F7_V1.1.0, X-CUBE-AZRTOS-G0_V1.1.0, X-CUBE-AZRTOS-G4_V2.0.0, X-CUBE-AZRTOS-H7RS_V1.1.0, X-CUBE-AZRTOS-H7_V3.4.0, X-CUBE-AZRTOS-L4_V2.0.0, X-CUBE-AZRTOS-L5_V2.0.0, X-CUBE-AZRTOS-WB_V2.0.0, X-CUBE-AZRTOS-WL_V2.0.0, X-CUBE-BLE1_V7.1.0, X-CUBE-BLE2_V3.3.0, X-CUBE-BLEMGR_V4.1.0, X-CUBE-EEPRMA1_V5.2.0, X-CUBE-FREERTOS_V1.3.1, X-CUBE-GNSS1_V6.0.0, X-CUBE-MEMS1_V12.0.0, X-CUBE-NFC4_V3.0.0, X-CUBE-NFC7_V2.0.0, X-CUBE-SFXS2LP1_V4.0.0, X-CUBE-ST67W61_V1.1.0, X-CUBE-SUBG2_V5.0.0, X-CUBE-TOF1_V3.4.3]
2026-02-06 16:45:58,155 [ERROR] DbExamplesSqlite:418 - Missing JSON key: board_cpn
2026-02-06 16:45:58,155 [ERROR] DbExamplesSqlite:418 - Missing JSON key: board_cpn
2026-02-06 16:45:58,156 [ERROR] DbExamplesSqlite:418 - Missing JSON key: board_cpn
2026-02-06 16:45:58,156 [ERROR] DbExamplesSqlite:418 - Missing JSON key: board_cpn
2026-02-06 16:45:58,882 [ERROR] DbExamplesSqlite:418 - Missing JSON key: board_cpn
2026-02-06 16:45:58,882 [ERROR] DbExamplesSqlite:418 - Missing JSON key: board_cpn
2026-02-06 16:45:58,918 [INFO] DbExamplesSqlite:376 - Ignored 42 examples not supported by CubeIDE
2026-02-06 16:45:58,918 [INFO] DbExamplesSqlite:377 - Found 10819 examples active
2026-02-06 16:45:58,924 [INFO] DbExamplesSqlite:378 - Found 0 examples obsolete
2026-02-06 16:45:58,924 [INFO] DbExamplesSqlite:379 - Found 0 examples under development
2026-02-06 16:45:58,925 [INFO] DbExamplesSqlite:380 - Found 85 examples not building
2026-02-06 16:45:58,928 [INFO] DbExamples:125 - Found 10862 examples
2026-02-06 16:45:59,103 [ERROR] DbExamples:208 - Found 73 examples with invalid data (board or MCU)
2026-02-06 16:45:59,104 [INFO] DbExamples:222 - Found 134 boards with related examples
2026-02-06 16:45:59,105 [INFO] DbExamples:235 - Found 111 MCUs with related examples
2026-02-06 16:45:59,215 [INFO] ApiDb:414 - User favorites file not found: /home/sensei/.stm32cubeide/favorites.examples.txt
2026-02-06 16:45:59,216 [INFO] DbExamples:250 - Set 0 / 0 favorites Examples
2026-02-06 16:45:59,531 [INFO] McuFinderGlobals:66 - Set McuFinderConnectedMode to true
2026-02-06 16:45:59,564 [INFO] MultiScanPanel:200 - Auto-refresh data requested => check proxy status ongoing
2026-02-06 16:45:59,573 [INFO] FinderPluginLoader:95 - Searching for filters in installed packs
2026-02-06 16:46:02,895 [INFO] LoadUrlFilesThread:185 - End of LoadServerUrlFiles without Thread
2026-02-06 16:46:02,968 [INFO] DetailPanel:341 - Set advertising image to /home/sensei/STM32Cube/Repository//en.prom-stm32mp21-0126.png
2026-02-06 16:46:47,706 [ERROR] LogOutputStream:75 - [STDERR_REDIRECT] Exception in thread "AWT-EventQueue-0" org.eclipse.swt.SWTException: Device is disposed
2026-02-06 16:46:47,707 [ERROR] LogOutputStream:75 - [STDERR_REDIRECT] 	at org.eclipse.swt.SWT.error(SWT.java:4918)
2026-02-06 16:46:47,707 [ERROR] LogOutputStream:75 - [STDERR_REDIRECT] 	at org.eclipse.swt.SWT.error(SWT.java:4833)
2026-02-06 16:46:47,708 [ERROR] LogOutputStream:75 - [STDERR_REDIRECT] 	at org.eclipse.swt.SWT.error(SWT.java:4804)
2026-02-06 16:46:47,708 [ERROR] LogOutputStream:75 - [STDERR_REDIRECT] 	at org.eclipse.swt.widgets.Display.error(Display.java:1518)
2026-02-06 16:46:47,709 [ERROR] LogOutputStream:75 - [STDERR_REDIRECT] 	at org.eclipse.swt.widgets.Display.asyncExec(Display.java:930)
2026-02-06 16:46:47,710 [ERROR] LogOutputStream:75 - [STDERR_REDIRECT] 	at com.st.stm32cube.common.mx.oss.core.awtswtbridge.AwtEnvironment$2.run(AwtEnvironment.java:168)
2026-02-06 16:46:47,710 [ERROR] LogOutputStream:75 - [STDERR_REDIRECT] 	at java.desktop/java.awt.event.InvocationEvent.dispatch(InvocationEvent.java:313)
2026-02-06 16:46:47,711 [ERROR] LogOutputStream:75 - [STDERR_REDIRECT] 	at java.desktop/java.awt.EventQueue.dispatchEventImpl(EventQueue.java:770)
2026-02-06 16:46:47,712 [ERROR] LogOutputStream:75 - [STDERR_REDIRECT] 	at java.desktop/java.awt.EventQueue$4.run(EventQueue.java:721)
2026-02-06 16:46:47,712 [ERROR] LogOutputStream:75 - [STDERR_REDIRECT] 	at java.desktop/java.awt.EventQueue$4.run(EventQueue.java:715)
2026-02-06 16:46:47,713 [ERROR] LogOutputStream:75 - [STDERR_REDIRECT] 	at java.base/java.security.AccessController.doPrivileged(Native Method)
2026-02-06 16:46:47,713 [ERROR] LogOutputStream:75 - [STDERR_REDIRECT] 	at java.base/java.security.ProtectionDomain$JavaSecurityAccessImpl.doIntersectionPrivilege(ProtectionDomain.java:85)
2026-02-06 16:46:47,714 [ERROR] LogOutputStream:75 - [STDERR_REDIRECT] 	at java.desktop/java.awt.EventQueue.dispatchEvent(EventQueue.java:740)
2026-02-06 16:46:47,715 [ERROR] LogOutputStream:75 - [STDERR_REDIRECT] 	at java.desktop/java.awt.EventDispatchThread.pumpOneEventForFilters(EventDispatchThread.java:203)
2026-02-06 16:46:47,715 [ERROR] LogOutputStream:75 - [STDERR_REDIRECT] 	at java.desktop/java.awt.EventDispatchThread.pumpEventsForFilter(EventDispatchThread.java:124)
2026-02-06 16:46:47,716 [ERROR] LogOutputStream:75 - [STDERR_REDIRECT] 	at java.desktop/java.awt.EventDispatchThread.pumpEventsForHierarchy(EventDispatchThread.java:113)
2026-02-06 16:46:47,717 [ERROR] LogOutputStream:75 - [STDERR_REDIRECT] 	at java.desktop/java.awt.EventDispatchThread.pumpEvents(EventDispatchThread.java:109)
2026-02-06 16:46:47,717 [ERROR] LogOutputStream:75 - [STDERR_REDIRECT] 	at java.desktop/java.awt.EventDispatchThread.pumpEvents(EventDispatchThread.java:101)
2026-02-06 16:46:47,718 [ERROR] LogOutputStream:75 - [STDERR_REDIRECT] 	at java.desktop/java.awt.EventDispatchThread.run(EventDispatchThread.java:90)
