../Core/Src/main.c:141:6:SetMotorA	16	static
../Core/Src/main.c:162:6:SetMotorB	16	static
../Core/Src/main.c:183:6:EnableMotors	8	static
../Core/Src/main.c:187:6:DisableMotors	8	static
../Core/Src/main.c:191:9:IsPressed	16	static
../Core/Src/main.c:213:5:main	32	static
../Core/Src/main.c:316:6:SystemClock_Config	88	static
../Core/Src/main.c:363:13:MX_ADC1_Init	24	static
../Core/Src/main.c:478:13:MX_I2C1_Init	8	static
../Core/Src/main.c:512:13:MX_TIM3_Init	48	static
../Core/Src/main.c:561:13:MX_TIM4_Init	48	static
../Core/Src/main.c:610:13:MX_TIM11_Init	40	static
../Core/Src/main.c:654:13:MX_DMA_Init	16	static
../Core/Src/main.c:672:13:MX_GPIO_Init	40	static
../Core/Src/main.c:714:6:Error_Handler	4	static,ignoring_inline_asm
