../Core/Src/main.c:142:6:float_to_str	4
../Core/Src/main.c:170:6:SetMotorA	4
../Core/Src/main.c:191:6:SetMotorB	4
../Core/Src/main.c:213:7:calculate_position	6
../Core/Src/main.c:254:6:EnableMotors	1
../Core/Src/main.c:258:6:DisableMotors	1
../Core/Src/main.c:262:9:IsPressed	4
../Core/Src/main.c:287:5:main	4
../Core/Src/main.c:399:6:SystemClock_Config	3
../Core/Src/main.c:446:13:MX_ADC1_Init	10
../Core/Src/main.c:561:13:MX_I2C1_Init	2
../Core/Src/main.c:595:13:MX_TIM3_Init	4
../Core/Src/main.c:644:13:MX_TIM4_Init	4
../Core/Src/main.c:693:13:MX_TIM11_Init	4
../Core/Src/main.c:737:13:MX_DMA_Init	1
../Core/Src/main.c:755:13:MX_GPIO_Init	1
../Core/Src/main.c:797:6:Error_Handler	1
