../Core/Src/main.c:142:6:SetMotorA	16	static
../Core/Src/main.c:163:6:SetMotorB	16	static
../Core/Src/main.c:195:6:float_to_str	48	static
../Core/Src/main.c:223:7:calculate_position	24	static
../Core/Src/main.c:262:6:pid	32	static
../Core/Src/main.c:289:6:EnableMotors	8	static
../Core/Src/main.c:293:6:DisableMotors	8	static
../Core/Src/main.c:297:9:IsPressed	16	static
../Core/Src/main.c:322:5:main	32	static
../Core/Src/main.c:439:6:SystemClock_Config	88	static
../Core/Src/main.c:486:13:MX_ADC1_Init	24	static
../Core/Src/main.c:601:13:MX_I2C1_Init	8	static
../Core/Src/main.c:635:13:MX_TIM3_Init	48	static
../Core/Src/main.c:684:13:MX_TIM4_Init	48	static
../Core/Src/main.c:733:13:MX_TIM11_Init	40	static
../Core/Src/main.c:777:13:MX_DMA_Init	16	static
../Core/Src/main.c:795:13:MX_GPIO_Init	40	static
../Core/Src/main.c:837:6:Error_Handler	4	static,ignoring_inline_asm
