../Core/Src/main.c:142:6:SetMotorA	4
../Core/Src/main.c:163:6:SetMotorB	4
../Core/Src/main.c:195:6:float_to_str	4
../Core/Src/main.c:223:7:calculate_position	6
../Core/Src/main.c:262:6:pid	5
../Core/Src/main.c:289:6:EnableMotors	1
../Core/Src/main.c:293:6:DisableMotors	1
../Core/Src/main.c:297:9:IsPressed	4
../Core/Src/main.c:322:5:main	4
../Core/Src/main.c:439:6:SystemClock_Config	3
../Core/Src/main.c:486:13:MX_ADC1_Init	10
../Core/Src/main.c:601:13:MX_I2C1_Init	2
../Core/Src/main.c:635:13:MX_TIM3_Init	4
../Core/Src/main.c:684:13:MX_TIM4_Init	4
../Core/Src/main.c:733:13:MX_TIM11_Init	4
../Core/Src/main.c:777:13:MX_DMA_Init	1
../Core/Src/main.c:795:13:MX_GPIO_Init	1
../Core/Src/main.c:837:6:Error_Handler	1
